// Jest Snapshot v1, https://goo.gl/fbAQLP

exports[`Storyshots Page Default 1`] = `
.c0 {
  box-sizing: border-box;
  width: 1080px;
  height: 100vh;
  margin: 0 auto;
  padding: 1rem;
}

.c1 {
  display: grid;
  grid-row-gap: 2rem;
}

<div
  className="c0"
>
  <div
    className="c1"
  >
    <section
      className=""
      data-testid="header"
    >
      header
    </section>
    <section
      className=""
      data-testid="body"
    >
      children
    </section>
  </div>
</div>
`;

exports[`Storyshots Select Default 1`] = `
<select
  data-testid="select"
  onChange={[Function]}
  value="option_1"
>
  <option
    data-testid="option"
    value="option_1"
  >
    option_1
  </option>
  <option
    data-testid="option"
    value="option_2"
  >
    option_2
  </option>
  <option
    data-testid="option"
    value="option_3"
  >
    option_3
  </option>
</select>
`;
